Microchip MPLAB XC8 Compiler V2.31

Linker command line:

-W-3 --edf=C:\Program Files\Microchip\xc8\v2.31\pic\dat\en_msgs.txt -cn \
  -h+dist/default/production\D2_Int_Lib.X.production.sym \
  --cmf=dist/default/production\D2_Int_Lib.X.production.cmf -z -Q16F887 \
  -oC:\Users\pablo\AppData\Local\Temp\s1tlg.2 --defsym=__MPLAB_BUILD=1 \
  -Mdist/default/production/D2_Int_Lib.X.production.map -E1 \
  -ver=XC8 Compiler --acfsm=1493 -ASTACK=0110h-016Fh -pstack=STACK \
  -ACODE=00h-07FFhx4 -ASTRCODE=00h-01FFFh -ASTRING=00h-0FFhx32 \
  -ACONST=00h-0FFhx32 -AENTRY=00h-0FFhx32 -ACOMMON=070h-07Fh \
  -ABANK0=020h-06Fh -ABANK1=0A0h-0EFh -ABANK2=0110h-016Fh \
  -ABANK3=0190h-01EFh -ARAM=020h-06Fh,0A0h-0EFh,0110h-016Fh,0190h-01EFh \
  -AABS1=020h-07Fh,0A0h-0EFh,0110h-016Fh,0190h-01EFh -ASFR0=00h-01Fh \
  -ASFR1=080h-09Fh -ASFR2=0100h-010Fh -ASFR3=0180h-018Fh \
  -ACONFIG=02007h-02008h -DCONFIG=2 -AIDLOC=02000h-02003h -DIDLOC=2 \
  -AEEDATA=00h-0FFh/02100h -peeprom_data=EEDATA -DEEDATA=2 -DCODE=2 \
  -DSTRCODE=2 -DSTRING=2 -DCONST=2 -DENTRY=2 \
  -preset_vec=00h,intentry=04h,init,end_init -ppowerup=CODE -pcinit=CODE \
  -pfunctab=ENTRY -k C:\Users\pablo\AppData\Local\Temp\s1tlg.o \
  dist/default/production\D2_Int_Lib.X.production.o 

Object code version is 3.11

Machine type is 16F887



                Name                               Link     Load   Length Selector   Space Scale
C:\Users\pablo\AppData\Local\Temp\s1tlg.o
                end_init                             10       10        3        8       0
                reset_vec                             0        0        3        0       0
                config                             2007     2007        2        0       4
dist/default/production\D2_Int_Lib.X.production.o
                cinit                                13       13       19        8       0
                intentry                              4        4        C        8       0
                config                             2007     2007        2        0       4
                text9                                B9       B9       73        8       0
                text8                               12C      12C       6F        8       0
                text7                               203      203       22        8       0
                text6                                2C       2C       8D        8       0
                text5                               249      249        7        8       0
                text4                               232      232        D        8       0
                text3                               23F      23F        A        8       0
                text2                               1DB      1DB       28        8       0
                text1                               225      225        D        8       0
                maintext                            19B      19B       40        8       0
                cstackBANK0                          2E       2E        5       20       1
                cstackCOMMON                         70       70        7       70       1
                bssBANK0                             20       20        E       20       1
                bssCOMMON                            77       77        5       70       1

TOTAL           Name                               Link     Load   Length     Space
        CLASS   STACK          

        CLASS   CODE           
                end_init                             10       10        3         0
                cinit                                13       13       19         0
                intentry                              4        4        C         0
                reset_vec                             0        0        3         0
                text9                                B9       B9       73         0
                text8                               12C      12C       6F         0
                text7                               203      203       22         0
                text6                                2C       2C       8D         0
                text5                               249      249        7         0
                text4                               232      232        D         0
                text3                               23F      23F        A         0
                text2                               1DB      1DB       28         0
                text1                               225      225        D         0
                maintext                            19B      19B       40         0

        CLASS   STRCODE        

        CLASS   STRING         

        CLASS   CONST          

        CLASS   ENTRY          

        CLASS   COMMON         
                cstackCOMMON                         70       70        7         1
                bssCOMMON                            77       77        5         1

        CLASS   BANK0          
                cstackBANK0                          2E       2E        5         1
                bssBANK0                             20       20        E         1

        CLASS   BANK1          

        CLASS   BANK2          

        CLASS   BANK3          

        CLASS   RAM            

        CLASS   ABS1           
                abs_s1                               7E       7E        2         1

        CLASS   SFR0           

        CLASS   SFR1           

        CLASS   SFR2           

        CLASS   SFR3           

        CLASS   CONFIG         
                config                             2007     2007        2         4

        CLASS   IDLOC          

        CLASS   EEDATA         



SEGMENTS        Name                           Load    Length   Top    Selector   Space  Class     Delta

                reset_vec                      000000  000003  000003         0       0  CODE        2
                intentry                       000004  00024C  000250         8       0  CODE        2
                bssBANK0                       000020  000013  000033        20       1  BANK0       1
                cstackCOMMON                   000070  00000C  00007C        70       1  COMMON      1


UNUSED ADDRESS RANGES

        Name                Unused          Largest block    Delta
        BANK0            0033-006F             3D           1
        BANK1            00A0-00EF             50           1
        BANK2            0110-016F             60           1
        BANK3            0190-01EF             60           1
        CODE             0003-0003              1           2
                         0250-1FFF            800
        COMMON           007C-007D              2           1
        CONST            0003-0003              1           2
                         0250-1FFF            100
        EEDATA           2100-21FF            100           2
        ENTRY            0003-0003              1           2
                         0250-1FFF            100
        IDLOC            2000-2003              4           2
        RAM              0033-006F             3D           1
                         00A0-00EF             50
                         0110-016F             60
                         0190-01EF             60
        SFR0             0000-001F             20           1
        SFR1             0080-009F             20           1
        SFR2             0100-010F             10           1
        SFR3             0180-018F             10           1
        STACK            0110-016F             60           1
        STRCODE          0003-0003              1           2
                         0250-1FFF           1DB0
        STRING           0003-0003              1           2
                         0250-1FFF            100

                                  Symbol Table

_ADCON0bits               (abs)        001F
_ADCON1bits               (abs)        009F
_ADRESL                   (abs)        009E
_ANSEL                    (abs)        0188
_ANSELH                   (abs)        0189
_INTCONbits               (abs)        000B
_IOCB                     (abs)        0096
_ISR                      text7        0203
_OPTION_REGbits           (abs)        0081
_OSCCONbits               (abs)        008F
_PORTA                    (abs)        0005
_PORTB                    (abs)        0006
_PORTBbits                (abs)        0006
_PORTC                    (abs)        0007
_PORTD                    (abs)        0008
_PORTE                    (abs)        0009
_TMR0                     (abs)        0001
_TRISA                    (abs)        0085
_TRISB                    (abs)        0086
_TRISC                    (abs)        0087
_TRISD                    (abs)        0088
_TRISE                    (abs)        0089
__Habs1                   abs1         0000
__Hbank0                  bank0        0000
__Hbank1                  bank1        0000
__Hbank2                  bank2        0000
__Hbank3                  bank3        0000
__HbssBANK0               bssBANK0     0000
__HbssCOMMON              bssCOMMON    0000
__Hcinit                  cinit        002C
__Hclrtext                clrtext      0000
__Hcode                   code         0000
__Hcommon                 common       0000
__Hconfig                 config       2009
__HcstackBANK0            cstackBANK0  0000
__HcstackCOMMON           cstackCOMMON 0000
__Heeprom_data            eeprom_data  0000
__Hend_init               end_init     0013
__Hfunctab                functab      0000
__Hinit                   init         0010
__Hintentry               intentry     0010
__Hmaintext               maintext     0000
__Hpowerup                powerup      0000
__Hram                    ram          0000
__Hreset_vec              reset_vec    0003
__Hsfr0                   sfr0         0000
__Hsfr1                   sfr1         0000
__Hsfr2                   sfr2         0000
__Hsfr3                   sfr3         0000
__Hspace_0                (abs)        0250
__Hspace_1                (abs)        007C
__Hspace_2                (abs)        0000
__Hspace_3                (abs)        0000
__Hspace_4                (abs)        4010
__Hstack                  stack        0000
__Hstrings                strings      0000
__Htext                   text         0000
__Labs1                   abs1         0000
__Lbank0                  bank0        0000
__Lbank1                  bank1        0000
__Lbank2                  bank2        0000
__Lbank3                  bank3        0000
__LbssBANK0               bssBANK0     0000
__LbssCOMMON              bssCOMMON    0000
__Lcinit                  cinit        0013
__Lclrtext                clrtext      0000
__Lcode                   code         0000
__Lcommon                 common       0000
__Lconfig                 config       0000
__LcstackBANK0            cstackBANK0  0000
__LcstackCOMMON           cstackCOMMON 0000
__Leeprom_data            eeprom_data  0000
__Lend_init               end_init     0010
__Lfunctab                functab      0000
__Linit                   init         0010
__Lintentry               intentry     0004
__Lmaintext               maintext     0000
__Lpowerup                powerup      0000
__Lram                    ram          0000
__Lreset_vec              reset_vec    0000
__Lsfr0                   sfr0         0000
__Lsfr1                   sfr1         0000
__Lsfr2                   sfr2         0000
__Lsfr3                   sfr3         0000
__Lspace_0                (abs)        0000
__Lspace_1                (abs)        0000
__Lspace_2                (abs)        0000
__Lspace_3                (abs)        0000
__Lspace_4                (abs)        0000
__Lstack                  stack        0000
__Lstrings                strings      0000
__Ltext                   text         0000
__S0                      (abs)        0250
__S1                      (abs)        007C
__S2                      (abs)        0000
__S3                      (abs)        0000
___int_sp                 stack        0000
___latbits                (abs)        0002
___sp                     stack        0000
___stackhi                (abs)        0000
___stacklo                (abs)        0000
__end_of_ISR              text7        0225
__end_of__initialization  cinit        0028
__end_of_adc_config       text5        0250
__end_of_decrementar      text9        012C
__end_of_incrementar      text8        019B
__end_of_initADC          text6        00B9
__end_of_interrup_config  text4        023F
__end_of_main             maintext     01DB
__end_of_osc_config       text3        0249
__end_of_setup            text2        0203
__end_of_tmr0_config      text1        0232
__initialization          cinit        0013
__pbssBANK0               bssBANK0     0020
__pbssCOMMON              bssCOMMON    0077
__pcstackBANK0            cstackBANK0  002E
__pcstackCOMMON           cstackCOMMON 0070
__pintentry               intentry     0004
__pmaintext               maintext     019B
__ptext1                  text1        0225
__ptext2                  text2        01DB
__ptext3                  text3        023F
__ptext4                  text4        0232
__ptext5                  text5        0249
__ptext6                  text6        002C
__ptext7                  text7        0203
__ptext8                  text8        012C
__ptext9                  text9        00B9
__size_of_ISR             (abs)        0000
__size_of_adc_config      (abs)        0000
__size_of_decrementar     (abs)        0000
__size_of_incrementar     (abs)        0000
__size_of_initADC         (abs)        0000
__size_of_interrup_config (abs)        0000
__size_of_main            (abs)        0000
__size_of_osc_config      (abs)        0000
__size_of_setup           (abs)        0000
__size_of_tmr0_config     (abs)        0000
_adc_config               text5        0249
_adc_value                bssCOMMON    007B
_decrementar              text9        00B9
_incrementar              text8        012C
_initADC                  text6        002C
_interrup_config          text4        0232
_main                     maintext     019B
_osc_config               text3        023F
_presionado               bssBANK0     002A
_presionado2              bssBANK0     0022
_pressed_ok               bssCOMMON    0079
_pressed_ok2              bssBANK0     0026
_released_ok              bssCOMMON    0077
_released_ok2             bssBANK0     0024
_setup                    text2        01DB
_tmr0_config              text1        0225
btemp                     (abs)        007E
decrementar@e             cstackCOMMON 0070
decrementar@e_298         cstackCOMMON 0072
end_of_initialization     cinit        0028
incrementar@e             cstackCOMMON 0070
incrementar@e_295         cstackCOMMON 0072
initADC@CHS               cstackBANK0  0030
interrupt_function        intentry     0004
intlevel0                 functab      0000
intlevel1                 functab      0000
intlevel2                 functab      0000
intlevel3                 functab      0000
intlevel4                 functab      0000
intlevel5                 functab      0000
reset_vec                 reset_vec    0000
saved_w                   (abs)        007E
start                     init         0010
start_initialization      cinit        0013
wtemp0                    (abs)        007E


FUNCTION INFORMATION:

 *************** function _main *****************
 Defined at:
		line 101 in file "Interrup_Libreria.c"
 Parameters:    Size  Location     Type
		None
 Auto vars:     Size  Location     Type
		None
 Return value:  Size  Location     Type
                  1    wreg      void 
 Registers used:
		wreg, fsr0l, fsr0h, status,2, status,0, pclath, cstack
 Tracked objects:
		On entry : 
		On exit  : 
		Unchanged: 
 Data sizes:     COMMON   BANK0   BANK1   BANK3   BANK2
      Params:         0       0       0       0       0
      Locals:         0       0       0       0       0
      Temps:          0       2       0       0       0
      Totals:         0       2       0       0       0
Total ram usage:        2 bytes
 Hardware stack levels required when called:    4
 This function calls:
		_adc_config
		_interrup_config
		_osc_config
		_setup
		_tmr0_config
 This function is called by:
		Startup code after reset
 This function uses a non-reentrant model


 *************** function _tmr0_config *****************
 Defined at:
		line 177 in file "Interrup_Libreria.c"
 Parameters:    Size  Location     Type
		None
 Auto vars:     Size  Location     Type
		None
 Return value:  Size  Location     Type
                  1    wreg      void 
 Registers used:
		wreg
 Tracked objects:
		On entry : 
		On exit  : 
		Unchanged: 
 Data sizes:     COMMON   BANK0   BANK1   BANK3   BANK2
      Params:         0       0       0       0       0
      Locals:         0       0       0       0       0
      Temps:          0       0       0       0       0
      Totals:         0       0       0       0       0
Total ram usage:        0 bytes
 Hardware stack levels used:    1
 Hardware stack levels required when called:    2
 This function calls:
		Nothing
 This function is called by:
		_main
 This function uses a non-reentrant model


 *************** function _setup *****************
 Defined at:
		line 133 in file "Interrup_Libreria.c"
 Parameters:    Size  Location     Type
		None
 Auto vars:     Size  Location     Type
		None
 Return value:  Size  Location     Type
                  1    wreg      void 
 Registers used:
		wreg, status,2
 Tracked objects:
		On entry : 
		On exit  : 
		Unchanged: 
 Data sizes:     COMMON   BANK0   BANK1   BANK3   BANK2
      Params:         0       0       0       0       0
      Locals:         0       0       0       0       0
      Temps:          0       0       0       0       0
      Totals:         0       0       0       0       0
Total ram usage:        0 bytes
 Hardware stack levels used:    1
 Hardware stack levels required when called:    2
 This function calls:
		Nothing
 This function is called by:
		_main
 This function uses a non-reentrant model


 *************** function _osc_config *****************
 Defined at:
		line 164 in file "Interrup_Libreria.c"
 Parameters:    Size  Location     Type
		None
 Auto vars:     Size  Location     Type
		None
 Return value:  Size  Location     Type
                  1    wreg      void 
 Registers used:
		None
 Tracked objects:
		On entry : 
		On exit  : 
		Unchanged: 
 Data sizes:     COMMON   BANK0   BANK1   BANK3   BANK2
      Params:         0       0       0       0       0
      Locals:         0       0       0       0       0
      Temps:          0       0       0       0       0
      Totals:         0       0       0       0       0
Total ram usage:        0 bytes
 Hardware stack levels used:    1
 Hardware stack levels required when called:    2
 This function calls:
		Nothing
 This function is called by:
		_main
 This function uses a non-reentrant model


 *************** function _interrup_config *****************
 Defined at:
		line 150 in file "Interrup_Libreria.c"
 Parameters:    Size  Location     Type
		None
 Auto vars:     Size  Location     Type
		None
 Return value:  Size  Location     Type
                  1    wreg      void 
 Registers used:
		wreg
 Tracked objects:
		On entry : 
		On exit  : 
		Unchanged: 
 Data sizes:     COMMON   BANK0   BANK1   BANK3   BANK2
      Params:         0       0       0       0       0
      Locals:         0       0       0       0       0
      Temps:          0       0       0       0       0
      Totals:         0       0       0       0       0
Total ram usage:        0 bytes
 Hardware stack levels used:    1
 Hardware stack levels required when called:    2
 This function calls:
		Nothing
 This function is called by:
		_main
 This function uses a non-reentrant model


 *************** function _adc_config *****************
 Defined at:
		line 189 in file "Interrup_Libreria.c"
 Parameters:    Size  Location     Type
		None
 Auto vars:     Size  Location     Type
		None
 Return value:  Size  Location     Type
                  1    wreg      void 
 Registers used:
		wreg, fsr0l, fsr0h, status,2, status,0, pclath, cstack
 Tracked objects:
		On entry : 
		On exit  : 
		Unchanged: 
 Data sizes:     COMMON   BANK0   BANK1   BANK3   BANK2
      Params:         0       0       0       0       0
      Locals:         0       0       0       0       0
      Temps:          0       0       0       0       0
      Totals:         0       0       0       0       0
Total ram usage:        0 bytes
 Hardware stack levels used:    1
 Hardware stack levels required when called:    3
 This function calls:
		_initADC
 This function is called by:
		_main
 This function uses a non-reentrant model


 *************** function _initADC *****************
 Defined at:
		line 3 in file "ADC_lib.c"
 Parameters:    Size  Location     Type
  CHS             1    wreg     unsigned char 
 Auto vars:     Size  Location     Type
  CHS             1    2[BANK0 ] unsigned char 
 Return value:  Size  Location     Type
                  1    wreg      void 
 Registers used:
		wreg, fsr0l, fsr0h, status,2, status,0
 Tracked objects:
		On entry : 
		On exit  : 
		Unchanged: 
 Data sizes:     COMMON   BANK0   BANK1   BANK3   BANK2
      Params:         0       0       0       0       0
      Locals:         0       1       0       0       0
      Temps:          0       2       0       0       0
      Totals:         0       3       0       0       0
Total ram usage:        3 bytes
 Hardware stack levels used:    1
 Hardware stack levels required when called:    2
 This function calls:
		Nothing
 This function is called by:
		_adc_config
 This function uses a non-reentrant model


 *************** function _ISR *****************
 Defined at:
		line 72 in file "Interrup_Libreria.c"
 Parameters:    Size  Location     Type
		None
 Auto vars:     Size  Location     Type
  a               1    0        unsigned char 
 Return value:  Size  Location     Type
                  1    wreg      void 
 Registers used:
		wreg, status,2, status,0, btemp+1, pclath, cstack
 Tracked objects:
		On entry : 
		On exit  : 
		Unchanged: 
 Data sizes:     COMMON   BANK0   BANK1   BANK3   BANK2
      Params:         0       0       0       0       0
      Locals:         1       0       0       0       0
      Temps:          3       0       0       0       0
      Totals:         4       0       0       0       0
Total ram usage:        4 bytes
 Hardware stack levels used:    1
 Hardware stack levels required when called:    1
 This function calls:
		_decrementar
		_incrementar
 This function is called by:
		Interrupt level 1
 This function uses a non-reentrant model


 *************** function _incrementar *****************
 Defined at:
		line 198 in file "Interrup_Libreria.c"
 Parameters:    Size  Location     Type
		None
 Auto vars:     Size  Location     Type
  e               2    2[COMMON] int 
  e               2    0[COMMON] int 
 Return value:  Size  Location     Type
                  1    wreg      void 
 Registers used:
		wreg, status,2, status,0, btemp+1
 Tracked objects:
		On entry : 
		On exit  : 
		Unchanged: 
 Data sizes:     COMMON   BANK0   BANK1   BANK3   BANK2
      Params:         0       0       0       0       0
      Locals:         4       0       0       0       0
      Temps:          0       0       0       0       0
      Totals:         4       0       0       0       0
Total ram usage:        4 bytes
 Hardware stack levels used:    1
 This function calls:
		Nothing
 This function is called by:
		_ISR
 This function uses a non-reentrant model


 *************** function _decrementar *****************
 Defined at:
		line 235 in file "Interrup_Libreria.c"
 Parameters:    Size  Location     Type
		None
 Auto vars:     Size  Location     Type
  e               2    2[COMMON] int 
  e               2    0[COMMON] int 
 Return value:  Size  Location     Type
                  1    wreg      void 
 Registers used:
		wreg, status,2, status,0, btemp+1
 Tracked objects:
		On entry : 
		On exit  : 
		Unchanged: 
 Data sizes:     COMMON   BANK0   BANK1   BANK3   BANK2
      Params:         0       0       0       0       0
      Locals:         4       0       0       0       0
      Temps:          0       0       0       0       0
      Totals:         4       0       0       0       0
Total ram usage:        4 bytes
 Hardware stack levels used:    1
 This function calls:
		Nothing
 This function is called by:
		_ISR
 This function uses a non-reentrant model



MODULE INFORMATION

Module		Function		Class		Link	Load	Size
ADC_lib.c
		_initADC       		CODE           	002C	0000	141

ADC_lib.c estimated size: 141

shared
		__initialization		CODE           	0013	0000	21

shared estimated size: 21

Interrup_Libreria.c
		_incrementar   		CODE           	012C	0000	111
		_osc_config    		CODE           	023F	0000	10
		_interrup_config		CODE           	0232	0000	13
		_ISR           		CODE           	0203	0000	34
		_main          		CODE           	019B	0000	64
		_tmr0_config   		CODE           	0225	0000	13
		_adc_config    		CODE           	0249	0000	7
		_decrementar   		CODE           	00B9	0000	115
		_setup         		CODE           	01DB	0000	40

Interrup_Libreria.c estimated size: 407

