Microchip MPLAB XC8 Compiler V2.31

Linker command line:

-W-3 --edf=C:\Program Files\Microchip\xc8\v2.31\pic\dat\en_msgs.txt -cn \
  -h+dist/default/production\D2_LCD.X.production.sym \
  --cmf=dist/default/production\D2_LCD.X.production.cmf -z -Q16F887 \
  -oC:\Users\pablo\AppData\Local\Temp\s1m6s.2 --defsym=__MPLAB_BUILD=1 \
  -Mdist/default/production/D2_LCD.X.production.map -E1 -ver=XC8 Compiler \
  --acfsm=1493 -ASTACK=0110h-016Fh -pstack=STACK -ACODE=00h-07FFhx4 \
  -ASTRCODE=00h-01FFFh -ASTRING=00h-0FFhx32 -ACONST=00h-0FFhx32 \
  -AENTRY=00h-0FFhx32 -ACOMMON=070h-07Fh -ABANK0=020h-06Fh \
  -ABANK1=0A0h-0EFh -ABANK2=0110h-016Fh -ABANK3=0190h-01EFh \
  -ARAM=020h-06Fh,0A0h-0EFh,0110h-016Fh,0190h-01EFh \
  -AABS1=020h-07Fh,0A0h-0EFh,0110h-016Fh,0190h-01EFh -ASFR0=00h-01Fh \
  -ASFR1=080h-09Fh -ASFR2=0100h-010Fh -ASFR3=0180h-018Fh \
  -ACONFIG=02007h-02008h -DCONFIG=2 -AIDLOC=02000h-02003h -DIDLOC=2 \
  -AEEDATA=00h-0FFh/02100h -peeprom_data=EEDATA -DEEDATA=2 -DCODE=2 \
  -DSTRCODE=2 -DSTRING=2 -DCONST=2 -DENTRY=2 \
  -preset_vec=00h,intentry,init,end_init -ppowerup=CODE -pcinit=CODE \
  -pfunctab=ENTRY -k C:\Users\pablo\AppData\Local\Temp\s1m6s.o \
  dist/default/production\D2_LCD.X.production.o 

Object code version is 3.11

Machine type is 16F887



                Name                               Link     Load   Length Selector   Space Scale
C:\Users\pablo\AppData\Local\Temp\s1m6s.o
                end_init                              0        0        3        0       0
                config                             2007     2007        2        0       4
dist/default/production\D2_LCD.X.production.o
                cinit                               7F7      7F7        9      FEE       0
                config                             2007     2007        2        0       4
                text15                              4A4      4A4        6      948       0
                text14                              512      512       1A      A24       0
                text13                              4BB      4BB        D      976       0
                text12                              5CA      5CA       57      B94       0
                text11                              578      578       52      AF0       0
                text10                              4C8      4C8        D      990       0
                text9                               4D5      4D5        D      9AA       0
                text8                               4FC      4FC       16      9F8       0
                text7                               52C      52C       25      A58       0
                text6                               621      621       A9      C42       0
                text5                               4AA      4AA        7      954       0
                text4                               4E2      4E2        D      9C4       0
                text3                               4B1      4B1        A      962       0
                text2                               551      551       27      AA2       0
                text1                               4EF      4EF        D      9DE       0
                maintext                            6CA      6CA      12D      D94       0
                cstackBANK0                          23       23        2       20       1
                cstackCOMMON                         70       70        E       70       1
                bssBANK0                             20       20        3       20       1
                strings                               3        3       4D        6       0

TOTAL           Name                               Link     Load   Length     Space
        CLASS   STACK          

        CLASS   CODE           
                end_init                              0        0        3         0
                cinit                               7F7      7F7        9         0
                text15                              4A4      4A4        6         0
                text14                              512      512       1A         0
                text13                              4BB      4BB        D         0
                text12                              5CA      5CA       57         0
                text11                              578      578       52         0
                text10                              4C8      4C8        D         0
                text9                               4D5      4D5        D         0
                text8                               4FC      4FC       16         0
                text7                               52C      52C       25         0
                text6                               621      621       A9         0
                text5                               4AA      4AA        7         0
                text4                               4E2      4E2        D         0
                text3                               4B1      4B1        A         0
                text2                               551      551       27         0
                text1                               4EF      4EF        D         0
                maintext                            6CA      6CA      12D         0

        CLASS   STRCODE        

        CLASS   STRING         
                strings                               3        3       4D         0

        CLASS   CONST          

        CLASS   ENTRY          

        CLASS   COMMON         
                cstackCOMMON                         70       70        E         1

        CLASS   BANK0          
                cstackBANK0                          23       23        2         1
                bssBANK0                             20       20        3         1

        CLASS   BANK1          

        CLASS   BANK2          

        CLASS   BANK3          

        CLASS   RAM            

        CLASS   ABS1           
                abs_s1                               7E       7E        2         1

        CLASS   SFR0           

        CLASS   SFR1           

        CLASS   SFR2           

        CLASS   SFR3           

        CLASS   CONFIG         
                config                             2007     2007        2         4

        CLASS   IDLOC          

        CLASS   EEDATA         



SEGMENTS        Name                           Load    Length   Top    Selector   Space  Class     Delta

                reset_vec                      000000  000003  000003         0       0  CODE        2
                strings                        000003  00004D  000050         6       0  STRING      2
                bssBANK0                       000020  000005  000025        20       1  BANK0       1
                cstackCOMMON                   000070  00000E  00007E        70       1  COMMON      1
                text15                         0004A4  000006  0004AA       948       0  CODE        2
                text5                          0004AA  000007  0004B1       954       0  CODE        2
                text3                          0004B1  00000A  0004BB       962       0  CODE        2
                text13                         0004BB  00000D  0004C8       976       0  CODE        2
                text10                         0004C8  00000D  0004D5       990       0  CODE        2
                text9                          0004D5  00000D  0004E2       9AA       0  CODE        2
                text4                          0004E2  00000D  0004EF       9C4       0  CODE        2
                text1                          0004EF  00000D  0004FC       9DE       0  CODE        2
                text8                          0004FC  000016  000512       9F8       0  CODE        2
                text14                         000512  00001A  00052C       A24       0  CODE        2
                text7                          00052C  000025  000551       A58       0  CODE        2
                text2                          000551  000027  000578       AA2       0  CODE        2
                text11                         000578  000052  0005CA       AF0       0  CODE        2
                text12                         0005CA  000057  000621       B94       0  CODE        2
                text6                          000621  0000A9  0006CA       C42       0  CODE        2
                maintext                       0006CA  00012D  0007F7       D94       0  CODE        2
                cinit                          0007F7  000009  000800       FEE       0  CODE        2


UNUSED ADDRESS RANGES

        Name                Unused          Largest block    Delta
        BANK0            0025-006F             4B           1
        BANK1            00A0-00EF             50           1
        BANK2            0110-016F             60           1
        BANK3            0190-01EF             60           1
        CODE             0050-04A3            454           2
                         0800-1FFF            800
        CONST            0050-04A3            100           2
                         0800-1FFF            100
        EEDATA           2100-21FF            100           2
        ENTRY            0050-04A3            100           2
                         0800-1FFF            100
        IDLOC            2000-2003              4           2
        RAM              0025-006F             4B           1
                         00A0-00EF             50
                         0110-016F             60
                         0190-01EF             60
        SFR0             0000-001F             20           1
        SFR1             0080-009F             20           1
        SFR2             0100-010F             10           1
        SFR3             0180-018F             10           1
        STACK            0110-016F             60           1
        STRCODE          0050-04A3            454           2
                         0800-1FFF           1800
        STRING           0050-04A3            100           2
                         0800-1FFF            100

                                  Symbol Table

Lcd_Cmd@a                  cstackCOMMON 0073
Lcd_Port@a                 cstackCOMMON 0070
Lcd_Set_Cursor@a           cstackCOMMON 0077
Lcd_Set_Cursor@b           cstackCOMMON 0074
Lcd_Set_Cursor@temp        cstackCOMMON 007A
Lcd_Set_Cursor@y           cstackCOMMON 0079
Lcd_Set_Cursor@z           cstackCOMMON 0078
Lcd_Write_Char@a           cstackCOMMON 0072
Lcd_Write_String@a         cstackCOMMON 0075
Lcd_Write_String@i         cstackCOMMON 0073
_ADCON0bits                (abs)        001F
_ADCON1bits                (abs)        009F
_ADRESL                    (abs)        009E
_ANSEL                     (abs)        0188
_ANSELH                    (abs)        0189
_INTCONbits                (abs)        000B
_IOCB                      (abs)        0096
_Lcd_Clear                 text13       04BB
_Lcd_Cmd                   text14       0512
_Lcd_Init                  text12       05CA
_Lcd_Port                  text15       04A4
_Lcd_Set_Cursor            text11       0578
_Lcd_Shift_Left            text10       04C8
_Lcd_Shift_Right           text9        04D5
_Lcd_Write_Char            text8        04FC
_Lcd_Write_String          text7        052C
_OPTION_REGbits            (abs)        0081
_OSCCONbits                (abs)        008F
_PORTA                     (abs)        0005
_PORTB                     (abs)        0006
_PORTC                     (abs)        0007
_PORTCbits                 (abs)        0007
_PORTD                     (abs)        0008
_PORTE                     (abs)        0009
_TMR0                      (abs)        0001
_TRISA                     (abs)        0085
_TRISB                     (abs)        0086
_TRISC                     (abs)        0087
_TRISD                     (abs)        0088
_TRISE                     (abs)        0089
__Habs1                    abs1         0000
__Hbank0                   bank0        0000
__Hbank1                   bank1        0000
__Hbank2                   bank2        0000
__Hbank3                   bank3        0000
__HbssBANK0                bssBANK0     0000
__Hcinit                   cinit        0800
__Hclrtext                 clrtext      0000
__Hcode                    code         0000
__Hcommon                  common       0000
__Hconfig                  config       2009
__HcstackBANK0             cstackBANK0  0000
__HcstackCOMMON            cstackCOMMON 0000
__Heeprom_data             eeprom_data  0000
__Hend_init                end_init     0003
__Hfunctab                 functab      0000
__Hinit                    init         0000
__Hintentry                intentry     0000
__Hmaintext                maintext     0000
__Hpowerup                 powerup      0000
__Hram                     ram          0000
__Hreset_vec               reset_vec    0000
__Hsfr0                    sfr0         0000
__Hsfr1                    sfr1         0000
__Hsfr2                    sfr2         0000
__Hsfr3                    sfr3         0000
__Hspace_0                 (abs)        0800
__Hspace_1                 (abs)        007E
__Hspace_2                 (abs)        0000
__Hspace_3                 (abs)        0000
__Hspace_4                 (abs)        4010
__Hstack                   stack        0000
__Hstrings                 strings      0000
__Htext                    text         0000
__Labs1                    abs1         0000
__Lbank0                   bank0        0000
__Lbank1                   bank1        0000
__Lbank2                   bank2        0000
__Lbank3                   bank3        0000
__LbssBANK0                bssBANK0     0000
__Lcinit                   cinit        07F7
__Lclrtext                 clrtext      0000
__Lcode                    code         0000
__Lcommon                  common       0000
__Lconfig                  config       0000
__LcstackBANK0             cstackBANK0  0000
__LcstackCOMMON            cstackCOMMON 0000
__Leeprom_data             eeprom_data  0000
__Lend_init                end_init     0000
__Lfunctab                 functab      0000
__Linit                    init         0000
__Lintentry                intentry     0000
__Lmaintext                maintext     0000
__Lpowerup                 powerup      0000
__Lram                     ram          0000
__Lreset_vec               reset_vec    0000
__Lsfr0                    sfr0         0000
__Lsfr1                    sfr1         0000
__Lsfr2                    sfr2         0000
__Lsfr3                    sfr3         0000
__Lspace_0                 (abs)        0000
__Lspace_1                 (abs)        0000
__Lspace_2                 (abs)        0000
__Lspace_3                 (abs)        0000
__Lspace_4                 (abs)        0000
__Lstack                   stack        0000
__Lstrings                 strings      0000
__Ltext                    text         0000
__S0                       (abs)        0800
__S1                       (abs)        007E
__S2                       (abs)        0000
__S3                       (abs)        0000
___int_sp                  stack        0000
___latbits                 (abs)        0002
___sp                      stack        0000
___stackhi                 (abs)        0000
___stacklo                 (abs)        0000
__end_of_Lcd_Clear         text13       04C8
__end_of_Lcd_Cmd           text14       052C
__end_of_Lcd_Init          text12       0621
__end_of_Lcd_Port          text15       04AA
__end_of_Lcd_Set_Cursor    text11       05CA
__end_of_Lcd_Shift_Left    text10       04D5
__end_of_Lcd_Shift_Right   text9        04E2
__end_of_Lcd_Write_Char    text8        0512
__end_of_Lcd_Write_String  text7        0551
__end_of__initialization   cinit        07FC
__end_of__stringtab        strings      0009
__end_of_adc_config        text5        04B1
__end_of_initADC           text6        06CA
__end_of_interrup_config   text4        04EF
__end_of_main              maintext     07F7
__end_of_osc_config        text3        04BB
__end_of_setup             text2        0578
__end_of_tmr0_config       text1        04FC
__initialization           cinit        07F7
__pbssBANK0                bssBANK0     0020
__pcstackBANK0             cstackBANK0  0023
__pcstackCOMMON            cstackCOMMON 0070
__pmaintext                maintext     06CA
__pstrings                 strings      0003
__ptext1                   text1        04EF
__ptext10                  text10       04C8
__ptext11                  text11       0578
__ptext12                  text12       05CA
__ptext13                  text13       04BB
__ptext14                  text14       0512
__ptext15                  text15       04A4
__ptext2                   text2        0551
__ptext3                   text3        04B1
__ptext4                   text4        04E2
__ptext5                   text5        04AA
__ptext6                   text6        0621
__ptext7                   text7        052C
__ptext8                   text8        04FC
__ptext9                   text9        04D5
__size_of_Lcd_Clear        (abs)        0000
__size_of_Lcd_Cmd          (abs)        0000
__size_of_Lcd_Init         (abs)        0000
__size_of_Lcd_Port         (abs)        0000
__size_of_Lcd_Set_Cursor   (abs)        0000
__size_of_Lcd_Shift_Left   (abs)        0000
__size_of_Lcd_Shift_Right  (abs)        0000
__size_of_Lcd_Write_Char   (abs)        0000
__size_of_Lcd_Write_String (abs)        0000
__size_of_adc_config       (abs)        0000
__size_of_initADC          (abs)        0000
__size_of_interrup_config  (abs)        0000
__size_of_main             (abs)        0000
__size_of_osc_config       (abs)        0000
__size_of_setup            (abs)        0000
__size_of_tmr0_config      (abs)        0000
__stringbase               strings      0008
__stringtab                strings      0003
_adc_config                text5        04AA
_adc_value                 bssBANK0     0022
_initADC                   text6        0621
_interrup_config           text4        04E2
_main                      maintext     06CA
_osc_config                text3        04B1
_setup                     text2        0551
_tmr0_config               text1        04EF
btemp                      (abs)        007E
end_of_initialization      cinit        07FC
initADC@CHS                cstackCOMMON 0072
intlevel0                  functab      0000
intlevel1                  functab      0000
intlevel2                  functab      0000
intlevel3                  functab      0000
intlevel4                  functab      0000
intlevel5                  functab      0000
main@a                     cstackBANK0  0023
reset_vec                  reset_vec    0000
start                      init         0000
start_initialization       cinit        07F7
wtemp0                     (abs)        007E


FUNCTION INFORMATION:

 *************** function _main *****************
 Defined at:
		line 88 in file "LCD.c"
 Parameters:    Size  Location     Type
		None
 Auto vars:     Size  Location     Type
  a               2    0[BANK0 ] unsigned int 
 Return value:  Size  Location     Type
                  1    wreg      void 
 Registers used:
		wreg, fsr0l, fsr0h, status,2, status,0, pclath, cstack
 Tracked objects:
		On entry : 
		On exit  : 
		Unchanged: 
 Data sizes:     COMMON   BANK0   BANK1   BANK3   BANK2
      Params:         0       0       0       0       0
      Locals:         0       2       0       0       0
      Temps:          3       0       0       0       0
      Totals:         3       2       0       0       0
Total ram usage:        5 bytes
 Hardware stack levels required when called:    3
 This function calls:
		_Lcd_Clear
		_Lcd_Init
		_Lcd_Set_Cursor
		_Lcd_Shift_Left
		_Lcd_Shift_Right
		_Lcd_Write_Char
		_Lcd_Write_String
		_adc_config
		_interrup_config
		_osc_config
		_setup
		_tmr0_config
 This function is called by:
		Startup code after reset
 This function uses a non-reentrant model


 *************** function _tmr0_config *****************
 Defined at:
		line 193 in file "LCD.c"
 Parameters:    Size  Location     Type
		None
 Auto vars:     Size  Location     Type
		None
 Return value:  Size  Location     Type
                  1    wreg      void 
 Registers used:
		wreg
 Tracked objects:
		On entry : 
		On exit  : 
		Unchanged: 
 Data sizes:     COMMON   BANK0   BANK1   BANK3   BANK2
      Params:         0       0       0       0       0
      Locals:         0       0       0       0       0
      Temps:          0       0       0       0       0
      Totals:         0       0       0       0       0
Total ram usage:        0 bytes
 Hardware stack levels used:    1
 This function calls:
		Nothing
 This function is called by:
		_main
 This function uses a non-reentrant model


 *************** function _setup *****************
 Defined at:
		line 153 in file "LCD.c"
 Parameters:    Size  Location     Type
		None
 Auto vars:     Size  Location     Type
		None
 Return value:  Size  Location     Type
                  1    wreg      void 
 Registers used:
		wreg, status,2
 Tracked objects:
		On entry : 
		On exit  : 
		Unchanged: 
 Data sizes:     COMMON   BANK0   BANK1   BANK3   BANK2
      Params:         0       0       0       0       0
      Locals:         0       0       0       0       0
      Temps:          0       0       0       0       0
      Totals:         0       0       0       0       0
Total ram usage:        0 bytes
 Hardware stack levels used:    1
 This function calls:
		Nothing
 This function is called by:
		_main
 This function uses a non-reentrant model


 *************** function _osc_config *****************
 Defined at:
		line 182 in file "LCD.c"
 Parameters:    Size  Location     Type
		None
 Auto vars:     Size  Location     Type
		None
 Return value:  Size  Location     Type
                  1    wreg      void 
 Registers used:
		None
 Tracked objects:
		On entry : 
		On exit  : 
		Unchanged: 
 Data sizes:     COMMON   BANK0   BANK1   BANK3   BANK2
      Params:         0       0       0       0       0
      Locals:         0       0       0       0       0
      Temps:          0       0       0       0       0
      Totals:         0       0       0       0       0
Total ram usage:        0 bytes
 Hardware stack levels used:    1
 This function calls:
		Nothing
 This function is called by:
		_main
 This function uses a non-reentrant model


 *************** function _interrup_config *****************
 Defined at:
		line 169 in file "LCD.c"
 Parameters:    Size  Location     Type
		None
 Auto vars:     Size  Location     Type
		None
 Return value:  Size  Location     Type
                  1    wreg      void 
 Registers used:
		wreg
 Tracked objects:
		On entry : 
		On exit  : 
		Unchanged: 
 Data sizes:     COMMON   BANK0   BANK1   BANK3   BANK2
      Params:         0       0       0       0       0
      Locals:         0       0       0       0       0
      Temps:          0       0       0       0       0
      Totals:         0       0       0       0       0
Total ram usage:        0 bytes
 Hardware stack levels used:    1
 This function calls:
		Nothing
 This function is called by:
		_main
 This function uses a non-reentrant model


 *************** function _adc_config *****************
 Defined at:
		line 208 in file "LCD.c"
 Parameters:    Size  Location     Type
		None
 Auto vars:     Size  Location     Type
		None
 Return value:  Size  Location     Type
                  1    wreg      void 
 Registers used:
		wreg, fsr0l, fsr0h, status,2, status,0, pclath, cstack
 Tracked objects:
		On entry : 
		On exit  : 
		Unchanged: 
 Data sizes:     COMMON   BANK0   BANK1   BANK3   BANK2
      Params:         0       0       0       0       0
      Locals:         0       0       0       0       0
      Temps:          0       0       0       0       0
      Totals:         0       0       0       0       0
Total ram usage:        0 bytes
 Hardware stack levels used:    1
 Hardware stack levels required when called:    1
 This function calls:
		_initADC
 This function is called by:
		_main
 This function uses a non-reentrant model


 *************** function _initADC *****************
 Defined at:
		line 11 in file "ADC_lib.c"
 Parameters:    Size  Location     Type
  CHS             1    wreg     unsigned char 
 Auto vars:     Size  Location     Type
  CHS             1    2[COMMON] unsigned char 
 Return value:  Size  Location     Type
                  1    wreg      void 
 Registers used:
		wreg, fsr0l, fsr0h, status,2, status,0
 Tracked objects:
		On entry : 
		On exit  : 
		Unchanged: 
 Data sizes:     COMMON   BANK0   BANK1   BANK3   BANK2
      Params:         0       0       0       0       0
      Locals:         1       0       0       0       0
      Temps:          2       0       0       0       0
      Totals:         3       0       0       0       0
Total ram usage:        3 bytes
 Hardware stack levels used:    1
 This function calls:
		Nothing
 This function is called by:
		_adc_config
 This function uses a non-reentrant model


 *************** function _Lcd_Write_String *****************
 Defined at:
		line 78 in file "LCD_8bits.c"
 Parameters:    Size  Location     Type
  a               1    wreg     PTR unsigned char 
		 -> STR_5(20), STR_4(12), STR_3(13), STR_2(10), 
		 -> STR_1(16), 
 Auto vars:     Size  Location     Type
  a               1    5[COMMON] PTR unsigned char 
		 -> STR_5(20), STR_4(12), STR_3(13), STR_2(10), 
		 -> STR_1(16), 
  i               2    3[COMMON] int 
 Return value:  Size  Location     Type
                  1    wreg      void 
 Registers used:
		wreg, fsr0l, fsr0h, status,2, status,0, pclath, cstack
 Tracked objects:
		On entry : 
		On exit  : 
		Unchanged: 
 Data sizes:     COMMON   BANK0   BANK1   BANK3   BANK2
      Params:         0       0       0       0       0
      Locals:         3       0       0       0       0
      Temps:          0       0       0       0       0
      Totals:         3       0       0       0       0
Total ram usage:        3 bytes
 Hardware stack levels used:    1
 Hardware stack levels required when called:    2
 This function calls:
		_Lcd_Write_Char
 This function is called by:
		_main
 This function uses a non-reentrant model


 *************** function _Lcd_Write_Char *****************
 Defined at:
		line 97 in file "LCD_8bits.c"
 Parameters:    Size  Location     Type
  a               1    wreg     unsigned char 
 Auto vars:     Size  Location     Type
  a               1    2[COMMON] unsigned char 
 Return value:  Size  Location     Type
                  1    wreg      void 
 Registers used:
		wreg, status,2, status,0, pclath, cstack
 Tracked objects:
		On entry : 
		On exit  : 
		Unchanged: 
 Data sizes:     COMMON   BANK0   BANK1   BANK3   BANK2
      Params:         0       0       0       0       0
      Locals:         1       0       0       0       0
      Temps:          1       0       0       0       0
      Totals:         2       0       0       0       0
Total ram usage:        2 bytes
 Hardware stack levels used:    1
 Hardware stack levels required when called:    1
 This function calls:
		_Lcd_Port
 This function is called by:
		_main
		_Lcd_Write_String
 This function uses a non-reentrant model


 *************** function _Lcd_Shift_Right *****************
 Defined at:
		line 91 in file "LCD_8bits.c"
 Parameters:    Size  Location     Type
		None
 Auto vars:     Size  Location     Type
		None
 Return value:  Size  Location     Type
                  1    wreg      void 
 Registers used:
		wreg, status,2, status,0, pclath, cstack
 Tracked objects:
		On entry : 
		On exit  : 
		Unchanged: 
 Data sizes:     COMMON   BANK0   BANK1   BANK3   BANK2
      Params:         0       0       0       0       0
      Locals:         0       0       0       0       0
      Temps:          0       0       0       0       0
      Totals:         0       0       0       0       0
Total ram usage:        0 bytes
 Hardware stack levels used:    1
 Hardware stack levels required when called:    2
 This function calls:
		_Lcd_Cmd
 This function is called by:
		_main
 This function uses a non-reentrant model


 *************** function _Lcd_Shift_Left *****************
 Defined at:
		line 85 in file "LCD_8bits.c"
 Parameters:    Size  Location     Type
		None
 Auto vars:     Size  Location     Type
		None
 Return value:  Size  Location     Type
                  1    wreg      void 
 Registers used:
		wreg, status,2, status,0, pclath, cstack
 Tracked objects:
		On entry : 
		On exit  : 
		Unchanged: 
 Data sizes:     COMMON   BANK0   BANK1   BANK3   BANK2
      Params:         0       0       0       0       0
      Locals:         0       0       0       0       0
      Temps:          0       0       0       0       0
      Totals:         0       0       0       0       0
Total ram usage:        0 bytes
 Hardware stack levels used:    1
 Hardware stack levels required when called:    2
 This function calls:
		_Lcd_Cmd
 This function is called by:
		_main
 This function uses a non-reentrant model


 *************** function _Lcd_Set_Cursor *****************
 Defined at:
		line 57 in file "LCD_8bits.c"
 Parameters:    Size  Location     Type
  a               1    wreg     unsigned char 
  b               1    4[COMMON] unsigned char 
 Auto vars:     Size  Location     Type
  a               1    7[COMMON] unsigned char 
  temp            1   10[COMMON] unsigned char 
  y               1    9[COMMON] unsigned char 
  z               1    8[COMMON] unsigned char 
 Return value:  Size  Location     Type
                  1    wreg      void 
 Registers used:
		wreg, status,2, status,0, pclath, cstack
 Tracked objects:
		On entry : 
		On exit  : 
		Unchanged: 
 Data sizes:     COMMON   BANK0   BANK1   BANK3   BANK2
      Params:         1       0       0       0       0
      Locals:         4       0       0       0       0
      Temps:          2       0       0       0       0
      Totals:         7       0       0       0       0
Total ram usage:        7 bytes
 Hardware stack levels used:    1
 Hardware stack levels required when called:    2
 This function calls:
		_Lcd_Cmd
 This function is called by:
		_main
 This function uses a non-reentrant model


 *************** function _Lcd_Init *****************
 Defined at:
		line 28 in file "LCD_8bits.c"
 Parameters:    Size  Location     Type
		None
 Auto vars:     Size  Location     Type
		None
 Return value:  Size  Location     Type
                  1    wreg      void 
 Registers used:
		wreg, status,2, status,0, pclath, cstack
 Tracked objects:
		On entry : 
		On exit  : 
		Unchanged: 
 Data sizes:     COMMON   BANK0   BANK1   BANK3   BANK2
      Params:         0       0       0       0       0
      Locals:         0       0       0       0       0
      Temps:          2       0       0       0       0
      Totals:         2       0       0       0       0
Total ram usage:        2 bytes
 Hardware stack levels used:    1
 Hardware stack levels required when called:    2
 This function calls:
		_Lcd_Cmd
		_Lcd_Port
 This function is called by:
		_main
 This function uses a non-reentrant model


 *************** function _Lcd_Clear *****************
 Defined at:
		line 51 in file "LCD_8bits.c"
 Parameters:    Size  Location     Type
		None
 Auto vars:     Size  Location     Type
		None
 Return value:  Size  Location     Type
                  1    wreg      void 
 Registers used:
		wreg, status,2, status,0, pclath, cstack
 Tracked objects:
		On entry : 
		On exit  : 
		Unchanged: 
 Data sizes:     COMMON   BANK0   BANK1   BANK3   BANK2
      Params:         0       0       0       0       0
      Locals:         0       0       0       0       0
      Temps:          0       0       0       0       0
      Totals:         0       0       0       0       0
Total ram usage:        0 bytes
 Hardware stack levels used:    1
 Hardware stack levels required when called:    2
 This function calls:
		_Lcd_Cmd
 This function is called by:
		_main
 This function uses a non-reentrant model


 *************** function _Lcd_Cmd *****************
 Defined at:
		line 19 in file "LCD_8bits.c"
 Parameters:    Size  Location     Type
  a               1    wreg     unsigned char 
 Auto vars:     Size  Location     Type
  a               1    3[COMMON] unsigned char 
 Return value:  Size  Location     Type
                  1    wreg      void 
 Registers used:
		wreg, status,2, status,0, pclath, cstack
 Tracked objects:
		On entry : 
		On exit  : 
		Unchanged: 
 Data sizes:     COMMON   BANK0   BANK1   BANK3   BANK2
      Params:         0       0       0       0       0
      Locals:         1       0       0       0       0
      Temps:          2       0       0       0       0
      Totals:         3       0       0       0       0
Total ram usage:        3 bytes
 Hardware stack levels used:    1
 Hardware stack levels required when called:    1
 This function calls:
		_Lcd_Port
 This function is called by:
		_Lcd_Init
		_Lcd_Clear
		_Lcd_Set_Cursor
		_Lcd_Shift_Left
		_Lcd_Shift_Right
 This function uses a non-reentrant model


 *************** function _Lcd_Port *****************
 Defined at:
		line 14 in file "LCD_8bits.c"
 Parameters:    Size  Location     Type
  a               1    wreg     unsigned char 
 Auto vars:     Size  Location     Type
  a               1    0[COMMON] unsigned char 
 Return value:  Size  Location     Type
                  1    wreg      void 
 Registers used:
		wreg
 Tracked objects:
		On entry : 
		On exit  : 
		Unchanged: 
 Data sizes:     COMMON   BANK0   BANK1   BANK3   BANK2
      Params:         0       0       0       0       0
      Locals:         1       0       0       0       0
      Temps:          0       0       0       0       0
      Totals:         1       0       0       0       0
Total ram usage:        1 bytes
 Hardware stack levels used:    1
 This function calls:
		Nothing
 This function is called by:
		_Lcd_Cmd
		_Lcd_Init
		_Lcd_Write_Char
 This function uses a non-reentrant model



MODULE INFORMATION

Module		Function		Class		Link	Load	Size
LCD_8bits.c
		_Lcd_Write_String		CODE           	052C	0000	37
		_Lcd_Shift_Left		CODE           	04C8	0000	13
		_Lcd_Init      		CODE           	05CA	0000	87
		_Lcd_Write_Char		CODE           	04FC	0000	22
		_Lcd_Cmd       		CODE           	0512	0000	26
		_Lcd_Shift_Right		CODE           	04D5	0000	13
		_Lcd_Set_Cursor		CODE           	0578	0000	82
		_Lcd_Clear     		CODE           	04BB	0000	13
		_Lcd_Port      		CODE           	04A4	0000	6

LCD_8bits.c estimated size: 299

ADC_lib.c
		_initADC       		CODE           	0621	0000	169

ADC_lib.c estimated size: 169

shared
		__stringtab    		STRING         	0003	0000	6
		__initialization		CODE           	07F7	0000	5

shared estimated size: 11

LCD.c
		_osc_config    		CODE           	04B1	0000	10
		_interrup_config		CODE           	04E2	0000	13
		_main          		CODE           	06CA	0000	301
		_tmr0_config   		CODE           	04EF	0000	13
		_adc_config    		CODE           	04AA	0000	7
		_setup         		CODE           	0551	0000	39

LCD.c estimated size: 383

