Microchip MPLAB XC8 Compiler V2.31

Linker command line:

-W-3 --edf=C:\Program Files\Microchip\xc8\v2.31\pic\dat\en_msgs.txt -cn \
  -h+dist/default/production\D2_LCD.X.production.sym \
  --cmf=dist/default/production\D2_LCD.X.production.cmf -z -Q16F887 \
  -oC:\Users\pablo\AppData\Local\Temp\s2gqs.2 --defsym=__MPLAB_BUILD=1 \
  -Mdist/default/production/D2_LCD.X.production.map -E1 -ver=XC8 Compiler \
  --acfsm=1493 -ASTACK=0110h-016Fh -pstack=STACK -ACODE=00h-07FFhx4 \
  -ASTRCODE=00h-01FFFh -ASTRING=00h-0FFhx32 -ACONST=00h-0FFhx32 \
  -AENTRY=00h-0FFhx32 -ACOMMON=070h-07Fh -ABANK0=020h-06Fh \
  -ABANK1=0A0h-0EFh -ABANK2=0110h-016Fh -ABANK3=0190h-01EFh \
  -ARAM=020h-06Fh,0A0h-0EFh,0110h-016Fh,0190h-01EFh \
  -AABS1=020h-07Fh,0A0h-0EFh,0110h-016Fh,0190h-01EFh -ASFR0=00h-01Fh \
  -ASFR1=080h-09Fh -ASFR2=0100h-010Fh -ASFR3=0180h-018Fh \
  -ACONFIG=02007h-02008h -DCONFIG=2 -AIDLOC=02000h-02003h -DIDLOC=2 \
  -AEEDATA=00h-0FFh/02100h -peeprom_data=EEDATA -DEEDATA=2 -DCODE=2 \
  -DSTRCODE=2 -DSTRING=2 -DCONST=2 -DENTRY=2 \
  -preset_vec=00h,intentry=04h,init,end_init -ppowerup=CODE -pcinit=CODE \
  -pfunctab=ENTRY -k C:\Users\pablo\AppData\Local\Temp\s2gqs.o \
  dist/default/production\D2_LCD.X.production.o 

Object code version is 3.11

Machine type is 16F887



                Name                               Link     Load   Length Selector   Space Scale
C:\Users\pablo\AppData\Local\Temp\s2gqs.o
                end_init                              C        C        3        8       0
                reset_vec                             0        0        3        0       0
                config                             2007     2007        2        0       4
dist/default/production\D2_LCD.X.production.o
                cinit                                 F        F       10        8       0
                intentry                              4        4        8        8       0
                config                             2007     2007        2        0       4
                text27                              5F3      5F3        D      BA2       0
                text26                              518      518       1F        8       0
                text25                              635      635        6      BA2       0
                text24                              571      571       19        8       0
                text23                              2EA      2EA       5D        8       0
                text22                              537      537       1E        8       0
                text21                              62F      62F        6      BA2       0
                text20                               1F       1F       A9        8       0
                text19                              628      628        7      BA2       0
                text18                              5A2      5A2       18        8       0
                text17                              58A      58A       18        8       0
                text16                              600      600        C      BA2       0
                text15                              5D1      5D1       15      BA2       0
                text14                              281      281       69        8       0
                text13                              347      347       5B        8       0
                text12                              616      616        A      BA2       0
                text11                              44B      44B       53        8       0
                text10                              1F2      1F2       8F        8       0
                text9                               3A2      3A2       55        8       0
                text8                               163      163       8F        8       0
                text7                               4F2      4F2       26        8       0
                text6                               4C9      4C9       29        8       0
                text5                               555      555       1C        8       0
                text4                                C8       C8       9B        8       0
                text3                               60C      60C        A      BA2       0
                text2                               49E      49E       2B        8       0
                text1                               5E6      5E6        D      BA2       0
                maintext                            3F7      3F7       54        8       0
                cstackBANK0                          37       37        C       20       1
                cstackCOMMON                         70       70        8       70       1
                clrtext                             620      620        8      BA2       0
                bssBANK0                             20       20       17       20       1
                bssCOMMON                            78       78        3       70       1
                strings                             5BA      5BA       17      B74       0

TOTAL           Name                               Link     Load   Length     Space
        CLASS   STACK          

        CLASS   CODE           
                end_init                              C        C        3         0
                cinit                                 F        F       10         0
                intentry                              4        4        8         0
                reset_vec                             0        0        3         0
                text27                              5F3      5F3        D         0
                text26                              518      518       1F         0
                text25                              635      635        6         0
                text24                              571      571       19         0
                text23                              2EA      2EA       5D         0
                text22                              537      537       1E         0
                text21                              62F      62F        6         0
                text20                               1F       1F       A9         0
                text19                              628      628        7         0
                text18                              5A2      5A2       18         0
                text17                              58A      58A       18         0
                text16                              600      600        C         0
                text15                              5D1      5D1       15         0
                text14                              281      281       69         0
                text13                              347      347       5B         0
                text12                              616      616        A         0
                text11                              44B      44B       53         0
                text10                              1F2      1F2       8F         0
                text9                               3A2      3A2       55         0
                text8                               163      163       8F         0
                text7                               4F2      4F2       26         0
                text6                               4C9      4C9       29         0
                text5                               555      555       1C         0
                text4                                C8       C8       9B         0
                text3                               60C      60C        A         0
                text2                               49E      49E       2B         0
                text1                               5E6      5E6        D         0
                maintext                            3F7      3F7       54         0
                clrtext                             620      620        8         0

        CLASS   STRCODE        

        CLASS   STRING         
                strings                             5BA      5BA       17         0

        CLASS   CONST          

        CLASS   ENTRY          

        CLASS   COMMON         
                cstackCOMMON                         70       70        8         1
                bssCOMMON                            78       78        3         1

        CLASS   BANK0          
                cstackBANK0                          37       37        C         1
                bssBANK0                             20       20       17         1

        CLASS   BANK1          

        CLASS   BANK2          

        CLASS   BANK3          

        CLASS   RAM            

        CLASS   ABS1           
                abs_s1                               7E       7E        2         1

        CLASS   SFR0           

        CLASS   SFR1           

        CLASS   SFR2           

        CLASS   SFR3           

        CLASS   CONFIG         
                config                             2007     2007        2         4

        CLASS   IDLOC          

        CLASS   EEDATA         



SEGMENTS        Name                           Load    Length   Top    Selector   Space  Class     Delta

                reset_vec                      000000  000003  000003         0       0  CODE        2
                intentry                       000004  0005B6  0005BA         8       0  CODE        2
                bssBANK0                       000020  000023  000043        20       1  BANK0       1
                cstackCOMMON                   000070  00000B  00007B        70       1  COMMON      1
                strings                        0005BA  000017  0005D1       B74       0  STRING      2
                text15                         0005D1  00006A  00063B       BA2       0  CODE        2


UNUSED ADDRESS RANGES

        Name                Unused          Largest block    Delta
        BANK0            0043-006F             2D           1
        BANK1            00A0-00EF             50           1
        BANK2            0110-016F             60           1
        BANK3            0190-01EF             60           1
        CODE             0003-0003              1           2
                         063B-1FFF            800
        COMMON           007B-007D              3           1
        CONST            0003-0003              1           2
                         063B-1FFF            100
        EEDATA           2100-21FF            100           2
        ENTRY            0003-0003              1           2
                         063B-1FFF            100
        IDLOC            2000-2003              4           2
        RAM              0043-006F             2D           1
                         00A0-00EF             50
                         0110-016F             60
                         0190-01EF             60
        SFR0             0000-001F             20           1
        SFR1             0080-009F             20           1
        SFR2             0100-010F             10           1
        SFR3             0180-018F             10           1
        STACK            0110-016F             60           1
        STRCODE          0003-0003              1           2
                         063B-1FFF           19C5
        STRING           0003-0003              1           2
                         063B-1FFF            100

                                  Symbol Table

?___awdiv                  cstackCOMMON 0073
?___awmod                  cstackCOMMON 0073
Lcd_Cmd@a                  cstackCOMMON 0076
Lcd_Port@a                 cstackCOMMON 0073
Lcd_Set_Cursor@a           cstackBANK0  0038
Lcd_Set_Cursor@b           cstackCOMMON 0077
Lcd_Set_Cursor@temp        cstackBANK0  0039
Lcd_Write_Char@a           cstackCOMMON 0075
Lcd_Write_String@a         cstackBANK0  0037
Lcd_Write_String@i         cstackBANK0  0038
_ADCON0bits                (abs)        001F
_ADCON1bits                (abs)        009F
_ADRESH                    (abs)        001E
_ANSELH                    (abs)        0189
_ANSELbits                 (abs)        0188
_CREN                      (abs)        00C4
_Conversion1               text10       01F2
_Conversion2               text8        0163
_INTCONbits                (abs)        000B
_IOCB                      (abs)        0096
_ISR                       text26       0518
_Lcd_Cmd                   text24       0571
_Lcd_Init                  text23       02EA
_Lcd_Port                  text25       0635
_Lcd_Set_Cursor            text7        04F2
_Lcd_Write_Char            text15       05D1
_Lcd_Write_String          text6        04C9
_OPTION_REGbits            (abs)        0081
_OSCCONbits                (abs)        008F
_PIE1bits                  (abs)        008C
_PIR1bits                  (abs)        000C
_PORTA                     (abs)        0005
_PORTB                     (abs)        0006
_PORTC                     (abs)        0007
_PORTCbits                 (abs)        0007
_PORTD                     (abs)        0008
_PORTE                     (abs)        0009
_RCREG                     (abs)        001A
_RCSTAbits                 (abs)        0018
_SPBRG                     (abs)        0099
_TMR0                      (abs)        0001
_TRISA                     (abs)        0085
_TRISAbits                 (abs)        0085
_TRISB                     (abs)        0086
_TRISC                     (abs)        0087
_TRISCbits                 (abs)        0087
_TRISD                     (abs)        0088
_TRISE                     (abs)        0089
_TXREG                     (abs)        0019
_TXSTAbits                 (abs)        0098
_USART_config              text21       062F
_USART_lib_config          text22       0537
__Habs1                    abs1         0000
__Hbank0                   bank0        0000
__Hbank1                   bank1        0000
__Hbank2                   bank2        0000
__Hbank3                   bank3        0000
__HbssBANK0                bssBANK0     0000
__HbssCOMMON               bssCOMMON    0000
__Hcinit                   cinit        001F
__Hclrtext                 clrtext      0000
__Hcode                    code         0000
__Hcommon                  common       0000
__Hconfig                  config       2009
__HcstackBANK0             cstackBANK0  0000
__HcstackCOMMON            cstackCOMMON 0000
__Heeprom_data             eeprom_data  0000
__Hend_init                end_init     000F
__Hfunctab                 functab      0000
__Hinit                    init         000C
__Hintentry                intentry     000C
__Hmaintext                maintext     0000
__Hpowerup                 powerup      0000
__Hram                     ram          0000
__Hreset_vec               reset_vec    0003
__Hsfr0                    sfr0         0000
__Hsfr1                    sfr1         0000
__Hsfr2                    sfr2         0000
__Hsfr3                    sfr3         0000
__Hspace_0                 (abs)        063B
__Hspace_1                 (abs)        007B
__Hspace_2                 (abs)        0000
__Hspace_3                 (abs)        0000
__Hspace_4                 (abs)        4010
__Hstack                   stack        0000
__Hstrings                 strings      0000
__Htext                    text         0000
__Labs1                    abs1         0000
__Lbank0                   bank0        0000
__Lbank1                   bank1        0000
__Lbank2                   bank2        0000
__Lbank3                   bank3        0000
__LbssBANK0                bssBANK0     0000
__LbssCOMMON               bssCOMMON    0000
__Lcinit                   cinit        000F
__Lclrtext                 clrtext      0000
__Lcode                    code         0000
__Lcommon                  common       0000
__Lconfig                  config       0000
__LcstackBANK0             cstackBANK0  0000
__LcstackCOMMON            cstackCOMMON 0000
__Leeprom_data             eeprom_data  0000
__Lend_init                end_init     000C
__Lfunctab                 functab      0000
__Linit                    init         000C
__Lintentry                intentry     0004
__Lmaintext                maintext     0000
__Lpowerup                 powerup      0000
__Lram                     ram          0000
__Lreset_vec               reset_vec    0000
__Lsfr0                    sfr0         0000
__Lsfr1                    sfr1         0000
__Lsfr2                    sfr2         0000
__Lsfr3                    sfr3         0000
__Lspace_0                 (abs)        0000
__Lspace_1                 (abs)        0000
__Lspace_2                 (abs)        0000
__Lspace_3                 (abs)        0000
__Lspace_4                 (abs)        0000
__Lstack                   stack        0000
__Lstrings                 strings      0000
__Ltext                    text         0000
__S0                       (abs)        063B
__S1                       (abs)        007B
__S2                       (abs)        0000
__S3                       (abs)        0000
___awdiv                   text14       0281
___awdiv@counter           cstackBANK0  0037
___awdiv@dividend          cstackCOMMON 0075
___awdiv@divisor           cstackCOMMON 0073
___awdiv@quotient          cstackBANK0  0039
___awdiv@sign              cstackBANK0  0038
___awmod                   text13       0347
___awmod@counter           cstackBANK0  0037
___awmod@dividend          cstackCOMMON 0075
___awmod@divisor           cstackCOMMON 0073
___awmod@sign              cstackBANK0  0038
___int_sp                  stack        0000
___latbits                 (abs)        0002
___sp                      stack        0000
___stackhi                 (abs)        0000
___stacklo                 (abs)        0000
__end_of_Conversion1       text10       0281
__end_of_Conversion2       text8        01F2
__end_of_ISR               text26       0537
__end_of_Lcd_Cmd           text24       058A
__end_of_Lcd_Init          text23       0347
__end_of_Lcd_Port          text25       063B
__end_of_Lcd_Set_Cursor    text7        0518
__end_of_Lcd_Write_Char    text15       05E6
__end_of_Lcd_Write_String  text6        04F2
__end_of_USART_config      text21       0635
__end_of_USART_lib_config  text22       0555
__end_of___awdiv           text14       02EA
__end_of___awmod           text13       03A2
__end_of__initialization   cinit        001B
__end_of__stringtab        strings      05C0
__end_of_adc_config        text19       062F
__end_of_adc_conversion1   text18       05BA
__end_of_adc_conversion2   text17       05A2
__end_of_contador_lcd      text5        0571
__end_of_escribir_char     text12       0620
__end_of_initADC           text20       00C8
__end_of_interrup_config   text16       060C
__end_of_lcd               text4        0163
__end_of_leer_char         text27       0600
__end_of_main              maintext     044B
__end_of_osc_config        text3        0616
__end_of_setup             text2        04C9
__end_of_tmr0_config       text1        05F3
__end_of_virtual_display1  text11       049E
__end_of_virtual_display2  text9        03F7
__initialization           cinit        000F
__pbssBANK0                bssBANK0     0020
__pbssCOMMON               bssCOMMON    0078
__pcstackBANK0             cstackBANK0  0037
__pcstackCOMMON            cstackCOMMON 0070
__pintentry                intentry     0004
__pmaintext                maintext     03F7
__pstrings                 strings      05BA
__ptext1                   text1        05E6
__ptext10                  text10       01F2
__ptext11                  text11       044B
__ptext12                  text12       0616
__ptext13                  text13       0347
__ptext14                  text14       0281
__ptext15                  text15       05D1
__ptext16                  text16       0600
__ptext17                  text17       058A
__ptext18                  text18       05A2
__ptext19                  text19       0628
__ptext2                   text2        049E
__ptext20                  text20       001F
__ptext21                  text21       062F
__ptext22                  text22       0537
__ptext23                  text23       02EA
__ptext24                  text24       0571
__ptext25                  text25       0635
__ptext26                  text26       0518
__ptext27                  text27       05F3
__ptext3                   text3        060C
__ptext4                   text4        00C8
__ptext5                   text5        0555
__ptext6                   text6        04C9
__ptext7                   text7        04F2
__ptext8                   text8        0163
__ptext9                   text9        03A2
__size_of_Conversion1      (abs)        0000
__size_of_Conversion2      (abs)        0000
__size_of_ISR              (abs)        0000
__size_of_Lcd_Cmd          (abs)        0000
__size_of_Lcd_Init         (abs)        0000
__size_of_Lcd_Port         (abs)        0000
__size_of_Lcd_Set_Cursor   (abs)        0000
__size_of_Lcd_Write_Char   (abs)        0000
__size_of_Lcd_Write_String (abs)        0000
__size_of_USART_config     (abs)        0000
__size_of_USART_lib_config (abs)        0000
__size_of___awdiv          (abs)        0000
__size_of___awmod          (abs)        0000
__size_of_adc_config       (abs)        0000
__size_of_adc_conversion1  (abs)        0000
__size_of_adc_conversion2  (abs)        0000
__size_of_contador_lcd     (abs)        0000
__size_of_escribir_char    (abs)        0000
__size_of_initADC          (abs)        0000
__size_of_interrup_config  (abs)        0000
__size_of_lcd              (abs)        0000
__size_of_leer_char        (abs)        0000
__size_of_main             (abs)        0000
__size_of_osc_config       (abs)        0000
__size_of_setup            (abs)        0000
__size_of_tmr0_config      (abs)        0000
__size_of_virtual_display1 (abs)        0000
__size_of_virtual_display2 (abs)        0000
__stringbase               strings      05BF
__stringtab                strings      05BA
_adc_config                text19       0628
_adc_conversion1           text18       05A2
_adc_conversion2           text17       058A
_adc_value1                bssBANK0     0036
_adc_value2                bssBANK0     0035
_contador                  bssBANK0     002A
_contador_lcd              text5        0555
_escribir_char             text12       0616
_initADC                   text20       001F
_interrup_config           text16       0600
_lcd                       text4        00C8
_leer                      bssBANK0     002B
_leer_char                 text27       05F3
_main                      maintext     03F7
_osc_config                text3        060C
_pressed_ok1               bssBANK0     0020
_pressed_ok2               bssBANK0     0022
_setup                     text2        049E
_tmr0_config               text1        05E6
_unidad                    bssCOMMON    0079
_unidadz                   bssBANK0     0030
_virtual_display1          text11       044B
_virtual_display2          text9        03A2
_voltaje                   bssCOMMON    007A
_voltajez                  bssBANK0     0031
_x1                        bssCOMMON    0078
_x1z                       bssBANK0     002F
_x2                        bssBANK0     0033
_x2z                       bssBANK0     002D
_y1                        bssBANK0     0034
_y1z                       bssBANK0     002E
_y2                        bssBANK0     0032
_y2z                       bssBANK0     002C
btemp                      (abs)        007E
clear_ram0                 clrtext      0620
end_of_initialization      cinit        001B
escribir_char@valor        cstackCOMMON 0073
initADC@CHS                cstackCOMMON 0075
interrupt_function         intentry     0004
intlevel0                  functab      0000
intlevel1                  functab      0000
intlevel2                  functab      0000
intlevel3                  functab      0000
intlevel4                  functab      0000
intlevel5                  functab      0000
lcd@w1                     cstackBANK0  0041
lcd@w2                     cstackBANK0  0042
reset_vec                  reset_vec    0000
saved_w                    (abs)        007E
start                      init         000C
start_initialization       cinit        000F
wtemp0                     (abs)        007E


FUNCTION INFORMATION:

 *************** function _main *****************
 Defined at:
		line 141 in file "LCD.c"
 Parameters:    Size  Location     Type
		None
 Auto vars:     Size  Location     Type
		None
 Return value:  Size  Location     Type
                  1    wreg      void 
 Registers used:
		wreg, fsr0l, fsr0h, status,2, status,0, pclath, cstack
 Tracked objects:
		On entry : 
		On exit  : 
		Unchanged: 
 Data sizes:     COMMON   BANK0   BANK1   BANK3   BANK2
      Params:         0       0       0       0       0
      Locals:         0       0       0       0       0
      Temps:          0       0       0       0       0
      Totals:         0       0       0       0       0
Total ram usage:        0 bytes
 Hardware stack levels required when called:    6
 This function calls:
		_Lcd_Init
		_USART_config
		_adc_config
		_adc_conversion1
		_adc_conversion2
		_initADC
		_interrup_config
		_lcd
		_osc_config
		_setup
		_tmr0_config
 This function is called by:
		Startup code after reset
 This function uses a non-reentrant model


 *************** function _tmr0_config *****************
 Defined at:
		line 213 in file "LCD.c"
 Parameters:    Size  Location     Type
		None
 Auto vars:     Size  Location     Type
		None
 Return value:  Size  Location     Type
                  1    wreg      void 
 Registers used:
		wreg
 Tracked objects:
		On entry : 
		On exit  : 
		Unchanged: 
 Data sizes:     COMMON   BANK0   BANK1   BANK3   BANK2
      Params:         0       0       0       0       0
      Locals:         0       0       0       0       0
      Temps:          0       0       0       0       0
      Totals:         0       0       0       0       0
Total ram usage:        0 bytes
 Hardware stack levels used:    1
 Hardware stack levels required when called:    2
 This function calls:
		Nothing
 This function is called by:
		_main
 This function uses a non-reentrant model


 *************** function _setup *****************
 Defined at:
		line 168 in file "LCD.c"
 Parameters:    Size  Location     Type
		None
 Auto vars:     Size  Location     Type
		None
 Return value:  Size  Location     Type
                  1    wreg      void 
 Registers used:
		wreg, status,2
 Tracked objects:
		On entry : 
		On exit  : 
		Unchanged: 
 Data sizes:     COMMON   BANK0   BANK1   BANK3   BANK2
      Params:         0       0       0       0       0
      Locals:         0       0       0       0       0
      Temps:          0       0       0       0       0
      Totals:         0       0       0       0       0
Total ram usage:        0 bytes
 Hardware stack levels used:    1
 Hardware stack levels required when called:    2
 This function calls:
		Nothing
 This function is called by:
		_main
 This function uses a non-reentrant model


 *************** function _osc_config *****************
 Defined at:
		line 202 in file "LCD.c"
 Parameters:    Size  Location     Type
		None
 Auto vars:     Size  Location     Type
		None
 Return value:  Size  Location     Type
                  1    wreg      void 
 Registers used:
		None
 Tracked objects:
		On entry : 
		On exit  : 
		Unchanged: 
 Data sizes:     COMMON   BANK0   BANK1   BANK3   BANK2
      Params:         0       0       0       0       0
      Locals:         0       0       0       0       0
      Temps:          0       0       0       0       0
      Totals:         0       0       0       0       0
Total ram usage:        0 bytes
 Hardware stack levels used:    1
 Hardware stack levels required when called:    2
 This function calls:
		Nothing
 This function is called by:
		_main
 This function uses a non-reentrant model


 *************** function _lcd *****************
 Defined at:
		line 264 in file "LCD.c"
 Parameters:    Size  Location     Type
		None
 Auto vars:     Size  Location     Type
  w2              1   11[BANK0 ] unsigned char 
  w1              1   10[BANK0 ] unsigned char 
  a               2    0        unsigned int 
 Return value:  Size  Location     Type
                  1    wreg      void 
 Registers used:
		wreg, fsr0l, fsr0h, status,2, status,0, pclath, cstack
 Tracked objects:
		On entry : 
		On exit  : 
		Unchanged: 
 Data sizes:     COMMON   BANK0   BANK1   BANK3   BANK2
      Params:         0       0       0       0       0
      Locals:         0       2       0       0       0
      Temps:          0       3       0       0       0
      Totals:         0       5       0       0       0
Total ram usage:        5 bytes
 Hardware stack levels used:    1
 Hardware stack levels required when called:    5
 This function calls:
		_Conversion1
		_Conversion2
		_Lcd_Set_Cursor
		_Lcd_Write_Char
		_Lcd_Write_String
		___awdiv
		___awmod
		_contador_lcd
 This function is called by:
		_main
 This function uses a non-reentrant model


 *************** function _contador_lcd *****************
 Defined at:
		line 382 in file "LCD.c"
 Parameters:    Size  Location     Type
		None
 Auto vars:     Size  Location     Type
		None
 Return value:  Size  Location     Type
                  1    wreg      void 
 Registers used:
		wreg, status,2, status,0
 Tracked objects:
		On entry : 
		On exit  : 
		Unchanged: 
 Data sizes:     COMMON   BANK0   BANK1   BANK3   BANK2
      Params:         0       0       0       0       0
      Locals:         0       0       0       0       0
      Temps:          1       0       0       0       0
      Totals:         1       0       0       0       0
Total ram usage:        1 bytes
 Hardware stack levels used:    1
 Hardware stack levels required when called:    2
 This function calls:
		Nothing
 This function is called by:
		_lcd
 This function uses a non-reentrant model


 *************** function _Lcd_Write_String *****************
 Defined at:
		line 69 in file "LCD_8bits.c"
 Parameters:    Size  Location     Type
  a               1    wreg     PTR unsigned char 
		 -> STR_1(17), 
 Auto vars:     Size  Location     Type
  a               1    0[BANK0 ] PTR unsigned char 
		 -> STR_1(17), 
  i               2    1[BANK0 ] int 
 Return value:  Size  Location     Type
                  1    wreg      void 
 Registers used:
		wreg, fsr0l, fsr0h, status,2, status,0, pclath, cstack
 Tracked objects:
		On entry : 
		On exit  : 
		Unchanged: 
 Data sizes:     COMMON   BANK0   BANK1   BANK3   BANK2
      Params:         0       0       0       0       0
      Locals:         0       3       0       0       0
      Temps:          0       0       0       0       0
      Totals:         0       3       0       0       0
Total ram usage:        3 bytes
 Hardware stack levels used:    1
 Hardware stack levels required when called:    4
 This function calls:
		_Lcd_Write_Char
 This function is called by:
		_lcd
 This function uses a non-reentrant model


 *************** function _Lcd_Set_Cursor *****************
 Defined at:
		line 54 in file "LCD_8bits.c"
 Parameters:    Size  Location     Type
  a               1    wreg     unsigned char 
  b               1    7[COMMON] unsigned char 
 Auto vars:     Size  Location     Type
  a               1    1[BANK0 ] unsigned char 
  temp            1    2[BANK0 ] unsigned char 
 Return value:  Size  Location     Type
                  1    wreg      void 
 Registers used:
		wreg, status,2, status,0, pclath, cstack
 Tracked objects:
		On entry : 
		On exit  : 
		Unchanged: 
 Data sizes:     COMMON   BANK0   BANK1   BANK3   BANK2
      Params:         1       0       0       0       0
      Locals:         0       2       0       0       0
      Temps:          0       1       0       0       0
      Totals:         1       3       0       0       0
Total ram usage:        4 bytes
 Hardware stack levels used:    1
 Hardware stack levels required when called:    4
 This function calls:
		_Lcd_Cmd
 This function is called by:
		_lcd
 This function uses a non-reentrant model


 *************** function _Conversion2 *****************
 Defined at:
		line 308 in file "LCD.c"
 Parameters:    Size  Location     Type
		None
 Auto vars:     Size  Location     Type
		None
 Return value:  Size  Location     Type
                  1    wreg      void 
 Registers used:
		wreg, status,2, status,0, pclath, cstack
 Tracked objects:
		On entry : 
		On exit  : 
		Unchanged: 
 Data sizes:     COMMON   BANK0   BANK1   BANK3   BANK2
      Params:         0       0       0       0       0
      Locals:         0       0       0       0       0
      Temps:          0       3       0       0       0
      Totals:         0       3       0       0       0
Total ram usage:        3 bytes
 Hardware stack levels used:    1
 Hardware stack levels required when called:    4
 This function calls:
		_Lcd_Write_Char
		___awdiv
		___awmod
		_virtual_display2
 This function is called by:
		_lcd
 This function uses a non-reentrant model


 *************** function _virtual_display2 *****************
 Defined at:
		line 346 in file "LCD.c"
 Parameters:    Size  Location     Type
		None
 Auto vars:     Size  Location     Type
		None
 Return value:  Size  Location     Type
                  1    wreg      void 
 Registers used:
		wreg, status,2, status,0, pclath, cstack
 Tracked objects:
		On entry : 
		On exit  : 
		Unchanged: 
 Data sizes:     COMMON   BANK0   BANK1   BANK3   BANK2
      Params:         0       0       0       0       0
      Locals:         0       0       0       0       0
      Temps:          0       0       0       0       0
      Totals:         0       0       0       0       0
Total ram usage:        0 bytes
 Hardware stack levels used:    1
 Hardware stack levels required when called:    3
 This function calls:
		_escribir_char
 This function is called by:
		_Conversion2
 This function uses a non-reentrant model


 *************** function _Conversion1 *****************
 Defined at:
		line 289 in file "LCD.c"
 Parameters:    Size  Location     Type
		None
 Auto vars:     Size  Location     Type
		None
 Return value:  Size  Location     Type
                  1    wreg      void 
 Registers used:
		wreg, status,2, status,0, pclath, cstack
 Tracked objects:
		On entry : 
		On exit  : 
		Unchanged: 
 Data sizes:     COMMON   BANK0   BANK1   BANK3   BANK2
      Params:         0       0       0       0       0
      Locals:         0       0       0       0       0
      Temps:          0       3       0       0       0
      Totals:         0       3       0       0       0
Total ram usage:        3 bytes
 Hardware stack levels used:    1
 Hardware stack levels required when called:    4
 This function calls:
		_Lcd_Write_Char
		___awdiv
		___awmod
		_virtual_display1
 This function is called by:
		_lcd
 This function uses a non-reentrant model


 *************** function _virtual_display1 *****************
 Defined at:
		line 327 in file "LCD.c"
 Parameters:    Size  Location     Type
		None
 Auto vars:     Size  Location     Type
		None
 Return value:  Size  Location     Type
                  1    wreg      void 
 Registers used:
		wreg, status,2, status,0, pclath, cstack
 Tracked objects:
		On entry : 
		On exit  : 
		Unchanged: 
 Data sizes:     COMMON   BANK0   BANK1   BANK3   BANK2
      Params:         0       0       0       0       0
      Locals:         0       0       0       0       0
      Temps:          0       0       0       0       0
      Totals:         0       0       0       0       0
Total ram usage:        0 bytes
 Hardware stack levels used:    1
 Hardware stack levels required when called:    3
 This function calls:
		_escribir_char
 This function is called by:
		_Conversion1
 This function uses a non-reentrant model


 *************** function _escribir_char *****************
 Defined at:
		line 365 in file "LCD.c"
 Parameters:    Size  Location     Type
  valor           1    wreg     unsigned char 
 Auto vars:     Size  Location     Type
  valor           1    3[COMMON] unsigned char 
 Return value:  Size  Location     Type
                  1    wreg      void 
 Registers used:
		wreg
 Tracked objects:
		On entry : 
		On exit  : 
		Unchanged: 
 Data sizes:     COMMON   BANK0   BANK1   BANK3   BANK2
      Params:         0       0       0       0       0
      Locals:         1       0       0       0       0
      Temps:          0       0       0       0       0
      Totals:         1       0       0       0       0
Total ram usage:        1 bytes
 Hardware stack levels used:    1
 Hardware stack levels required when called:    2
 This function calls:
		Nothing
 This function is called by:
		_virtual_display1
		_virtual_display2
 This function uses a non-reentrant model


 *************** function ___awmod *****************
 Defined at:
		line 5 in file "C:\Program Files\Microchip\xc8\v2.31\pic\sources\c90\common\awmod.c"
 Parameters:    Size  Location     Type
  divisor         2    3[COMMON] int 
  dividend        2    5[COMMON] int 
 Auto vars:     Size  Location     Type
  sign            1    1[BANK0 ] unsigned char 
  counter         1    0[BANK0 ] unsigned char 
 Return value:  Size  Location     Type
                  2    3[COMMON] int 
 Registers used:
		wreg, status,2, status,0
 Tracked objects:
		On entry : 
		On exit  : 
		Unchanged: 
 Data sizes:     COMMON   BANK0   BANK1   BANK3   BANK2
      Params:         4       0       0       0       0
      Locals:         0       2       0       0       0
      Temps:          1       0       0       0       0
      Totals:         5       2       0       0       0
Total ram usage:        7 bytes
 Hardware stack levels used:    1
 Hardware stack levels required when called:    2
 This function calls:
		Nothing
 This function is called by:
		_lcd
		_Conversion1
		_Conversion2
 This function uses a non-reentrant model


 *************** function ___awdiv *****************
 Defined at:
		line 5 in file "C:\Program Files\Microchip\xc8\v2.31\pic\sources\c90\common\awdiv.c"
 Parameters:    Size  Location     Type
  divisor         2    3[COMMON] int 
  dividend        2    5[COMMON] int 
 Auto vars:     Size  Location     Type
  quotient        2    2[BANK0 ] int 
  sign            1    1[BANK0 ] unsigned char 
  counter         1    0[BANK0 ] unsigned char 
 Return value:  Size  Location     Type
                  2    3[COMMON] int 
 Registers used:
		wreg, status,2, status,0
 Tracked objects:
		On entry : 
		On exit  : 
		Unchanged: 
 Data sizes:     COMMON   BANK0   BANK1   BANK3   BANK2
      Params:         4       0       0       0       0
      Locals:         0       4       0       0       0
      Temps:          1       0       0       0       0
      Totals:         5       4       0       0       0
Total ram usage:        9 bytes
 Hardware stack levels used:    1
 Hardware stack levels required when called:    2
 This function calls:
		Nothing
 This function is called by:
		_lcd
		_Conversion1
		_Conversion2
 This function uses a non-reentrant model


 *************** function _Lcd_Write_Char *****************
 Defined at:
		line 86 in file "LCD_8bits.c"
 Parameters:    Size  Location     Type
  a               1    wreg     unsigned char 
 Auto vars:     Size  Location     Type
  a               1    5[COMMON] unsigned char 
 Return value:  Size  Location     Type
                  1    wreg      void 
 Registers used:
		wreg, status,2, status,0, pclath, cstack
 Tracked objects:
		On entry : 
		On exit  : 
		Unchanged: 
 Data sizes:     COMMON   BANK0   BANK1   BANK3   BANK2
      Params:         0       0       0       0       0
      Locals:         1       0       0       0       0
      Temps:          1       0       0       0       0
      Totals:         2       0       0       0       0
Total ram usage:        2 bytes
 Hardware stack levels used:    1
 Hardware stack levels required when called:    3
 This function calls:
		_Lcd_Port
 This function is called by:
		_lcd
		_Conversion1
		_Conversion2
		_Lcd_Write_String
 This function uses a non-reentrant model


 *************** function _interrup_config *****************
 Defined at:
		line 189 in file "LCD.c"
 Parameters:    Size  Location     Type
		None
 Auto vars:     Size  Location     Type
		None
 Return value:  Size  Location     Type
                  1    wreg      void 
 Registers used:
		status,2
 Tracked objects:
		On entry : 
		On exit  : 
		Unchanged: 
 Data sizes:     COMMON   BANK0   BANK1   BANK3   BANK2
      Params:         0       0       0       0       0
      Locals:         0       0       0       0       0
      Temps:          0       0       0       0       0
      Totals:         0       0       0       0       0
Total ram usage:        0 bytes
 Hardware stack levels used:    1
 Hardware stack levels required when called:    2
 This function calls:
		Nothing
 This function is called by:
		_main
 This function uses a non-reentrant model


 *************** function _adc_conversion2 *****************
 Defined at:
		line 253 in file "LCD.c"
 Parameters:    Size  Location     Type
		None
 Auto vars:     Size  Location     Type
		None
 Return value:  Size  Location     Type
                  1    wreg      void 
 Registers used:
		wreg
 Tracked objects:
		On entry : 
		On exit  : 
		Unchanged: 
 Data sizes:     COMMON   BANK0   BANK1   BANK3   BANK2
      Params:         0       0       0       0       0
      Locals:         0       0       0       0       0
      Temps:          2       0       0       0       0
      Totals:         2       0       0       0       0
Total ram usage:        2 bytes
 Hardware stack levels used:    1
 Hardware stack levels required when called:    2
 This function calls:
		Nothing
 This function is called by:
		_main
 This function uses a non-reentrant model


 *************** function _adc_conversion1 *****************
 Defined at:
		line 242 in file "LCD.c"
 Parameters:    Size  Location     Type
		None
 Auto vars:     Size  Location     Type
		None
 Return value:  Size  Location     Type
                  1    wreg      void 
 Registers used:
		wreg
 Tracked objects:
		On entry : 
		On exit  : 
		Unchanged: 
 Data sizes:     COMMON   BANK0   BANK1   BANK3   BANK2
      Params:         0       0       0       0       0
      Locals:         0       0       0       0       0
      Temps:          2       0       0       0       0
      Totals:         2       0       0       0       0
Total ram usage:        2 bytes
 Hardware stack levels used:    1
 Hardware stack levels required when called:    2
 This function calls:
		Nothing
 This function is called by:
		_main
 This function uses a non-reentrant model


 *************** function _adc_config *****************
 Defined at:
		line 228 in file "LCD.c"
 Parameters:    Size  Location     Type
		None
 Auto vars:     Size  Location     Type
		None
 Return value:  Size  Location     Type
                  1    wreg      void 
 Registers used:
		wreg, fsr0l, fsr0h, status,2, status,0, pclath, cstack
 Tracked objects:
		On entry : 
		On exit  : 
		Unchanged: 
 Data sizes:     COMMON   BANK0   BANK1   BANK3   BANK2
      Params:         0       0       0       0       0
      Locals:         0       0       0       0       0
      Temps:          0       0       0       0       0
      Totals:         0       0       0       0       0
Total ram usage:        0 bytes
 Hardware stack levels used:    1
 Hardware stack levels required when called:    3
 This function calls:
		_initADC
 This function is called by:
		_main
 This function uses a non-reentrant model


 *************** function _initADC *****************
 Defined at:
		line 11 in file "ADC_lib.c"
 Parameters:    Size  Location     Type
  CHS             1    wreg     unsigned char 
 Auto vars:     Size  Location     Type
  CHS             1    5[COMMON] unsigned char 
 Return value:  Size  Location     Type
                  1    wreg      void 
 Registers used:
		wreg, fsr0l, fsr0h, status,2, status,0
 Tracked objects:
		On entry : 
		On exit  : 
		Unchanged: 
 Data sizes:     COMMON   BANK0   BANK1   BANK3   BANK2
      Params:         0       0       0       0       0
      Locals:         1       0       0       0       0
      Temps:          2       0       0       0       0
      Totals:         3       0       0       0       0
Total ram usage:        3 bytes
 Hardware stack levels used:    1
 Hardware stack levels required when called:    2
 This function calls:
		Nothing
 This function is called by:
		_main
		_adc_config
 This function uses a non-reentrant model


 *************** function _USART_config *****************
 Defined at:
		line 233 in file "LCD.c"
 Parameters:    Size  Location     Type
		None
 Auto vars:     Size  Location     Type
		None
 Return value:  Size  Location     Type
                  1    wreg      void 
 Registers used:
		wreg, status,2, status,0, pclath, cstack
 Tracked objects:
		On entry : 
		On exit  : 
		Unchanged: 
 Data sizes:     COMMON   BANK0   BANK1   BANK3   BANK2
      Params:         0       0       0       0       0
      Locals:         0       0       0       0       0
      Temps:          0       0       0       0       0
      Totals:         0       0       0       0       0
Total ram usage:        0 bytes
 Hardware stack levels used:    1
 Hardware stack levels required when called:    3
 This function calls:
		_USART_lib_config
 This function is called by:
		_main
 This function uses a non-reentrant model


 *************** function _USART_lib_config *****************
 Defined at:
		line 14 in file "USART.c"
 Parameters:    Size  Location     Type
		None
 Auto vars:     Size  Location     Type
		None
 Return value:  Size  Location     Type
                  1    wreg      void 
 Registers used:
		wreg
 Tracked objects:
		On entry : 
		On exit  : 
		Unchanged: 
 Data sizes:     COMMON   BANK0   BANK1   BANK3   BANK2
      Params:         0       0       0       0       0
      Locals:         0       0       0       0       0
      Temps:          0       0       0       0       0
      Totals:         0       0       0       0       0
Total ram usage:        0 bytes
 Hardware stack levels used:    1
 Hardware stack levels required when called:    2
 This function calls:
		Nothing
 This function is called by:
		_USART_config
 This function uses a non-reentrant model


 *************** function _Lcd_Init *****************
 Defined at:
		line 28 in file "LCD_8bits.c"
 Parameters:    Size  Location     Type
		None
 Auto vars:     Size  Location     Type
		None
 Return value:  Size  Location     Type
                  1    wreg      void 
 Registers used:
		wreg, status,2, status,0, pclath, cstack
 Tracked objects:
		On entry : 
		On exit  : 
		Unchanged: 
 Data sizes:     COMMON   BANK0   BANK1   BANK3   BANK2
      Params:         0       0       0       0       0
      Locals:         0       0       0       0       0
      Temps:          0       2       0       0       0
      Totals:         0       2       0       0       0
Total ram usage:        2 bytes
 Hardware stack levels used:    1
 Hardware stack levels required when called:    4
 This function calls:
		_Lcd_Cmd
		_Lcd_Port
 This function is called by:
		_main
 This function uses a non-reentrant model


 *************** function _Lcd_Cmd *****************
 Defined at:
		line 19 in file "LCD_8bits.c"
 Parameters:    Size  Location     Type
  a               1    wreg     unsigned char 
 Auto vars:     Size  Location     Type
  a               1    6[COMMON] unsigned char 
 Return value:  Size  Location     Type
                  1    wreg      void 
 Registers used:
		wreg, status,2, status,0, pclath, cstack
 Tracked objects:
		On entry : 
		On exit  : 
		Unchanged: 
 Data sizes:     COMMON   BANK0   BANK1   BANK3   BANK2
      Params:         0       0       0       0       0
      Locals:         1       0       0       0       0
      Temps:          2       0       0       0       0
      Totals:         3       0       0       0       0
Total ram usage:        3 bytes
 Hardware stack levels used:    1
 Hardware stack levels required when called:    3
 This function calls:
		_Lcd_Port
 This function is called by:
		_Lcd_Init
		_Lcd_Set_Cursor
		_Lcd_Clear
		_Lcd_Shift_Left
		_Lcd_Shift_Right
 This function uses a non-reentrant model


 *************** function _Lcd_Port *****************
 Defined at:
		line 14 in file "LCD_8bits.c"
 Parameters:    Size  Location     Type
  a               1    wreg     unsigned char 
 Auto vars:     Size  Location     Type
  a               1    3[COMMON] unsigned char 
 Return value:  Size  Location     Type
                  1    wreg      void 
 Registers used:
		wreg
 Tracked objects:
		On entry : 
		On exit  : 
		Unchanged: 
 Data sizes:     COMMON   BANK0   BANK1   BANK3   BANK2
      Params:         0       0       0       0       0
      Locals:         1       0       0       0       0
      Temps:          0       0       0       0       0
      Totals:         1       0       0       0       0
Total ram usage:        1 bytes
 Hardware stack levels used:    1
 Hardware stack levels required when called:    2
 This function calls:
		Nothing
 This function is called by:
		_Lcd_Cmd
		_Lcd_Init
		_Lcd_Write_Char
 This function uses a non-reentrant model


 *************** function _ISR *****************
 Defined at:
		line 116 in file "LCD.c"
 Parameters:    Size  Location     Type
		None
 Auto vars:     Size  Location     Type
		None
 Return value:  Size  Location     Type
                  1    wreg      void 
 Registers used:
		wreg, pclath, cstack
 Tracked objects:
		On entry : 
		On exit  : 
		Unchanged: 
 Data sizes:     COMMON   BANK0   BANK1   BANK3   BANK2
      Params:         0       0       0       0       0
      Locals:         0       0       0       0       0
      Temps:          3       0       0       0       0
      Totals:         3       0       0       0       0
Total ram usage:        3 bytes
 Hardware stack levels used:    1
 Hardware stack levels required when called:    1
 This function calls:
		_leer_char
 This function is called by:
		Interrupt level 1
 This function uses a non-reentrant model


 *************** function _leer_char *****************
 Defined at:
		line 371 in file "LCD.c"
 Parameters:    Size  Location     Type
		None
 Auto vars:     Size  Location     Type
		None
 Return value:  Size  Location     Type
                  1    wreg      unsigned char 
 Registers used:
		wreg
 Tracked objects:
		On entry : 
		On exit  : 
		Unchanged: 
 Data sizes:     COMMON   BANK0   BANK1   BANK3   BANK2
      Params:         0       0       0       0       0
      Locals:         0       0       0       0       0
      Temps:          0       0       0       0       0
      Totals:         0       0       0       0       0
Total ram usage:        0 bytes
 Hardware stack levels used:    1
 This function calls:
		Nothing
 This function is called by:
		_ISR
 This function uses a non-reentrant model



MODULE INFORMATION

Module		Function		Class		Link	Load	Size
USART.c
		_USART_lib_config		CODE           	0537	0000	30

USART.c estimated size: 30

C:\Program Files\Microchip\xc8\v2.31\pic\sources\c90\common\awmod.c
		___awmod       		CODE           	0347	0000	91

C:\Program Files\Microchip\xc8\v2.31\pic\sources\c90\common\awmod.c estimated size: 91

LCD_8bits.c
		_Lcd_Write_String		CODE           	04C9	0000	41
		_Lcd_Init      		CODE           	02EA	0000	93
		_Lcd_Write_Char		CODE           	05D1	0000	21
		_Lcd_Cmd       		CODE           	0571	0000	25
		_Lcd_Set_Cursor		CODE           	04F2	0000	38
		_Lcd_Port      		CODE           	0635	0000	6

LCD_8bits.c estimated size: 224

ADC_lib.c
		_initADC       		CODE           	001F	0000	169

ADC_lib.c estimated size: 169

C:\Program Files\Microchip\xc8\v2.31\pic\sources\c90\common\awdiv.c
		___awdiv       		CODE           	0281	0000	105

C:\Program Files\Microchip\xc8\v2.31\pic\sources\c90\common\awdiv.c estimated size: 105

shared
		__stringtab    		STRING         	05BA	0000	6
		__initialization		CODE           	000F	0000	12

shared estimated size: 18

LCD.c
		_adc_conversion2		CODE           	058A	0000	24
		_osc_config    		CODE           	060C	0000	10
		_interrup_config		CODE           	0600	0000	12
		_virtual_display1		CODE           	044B	0000	83
		_virtual_display2		CODE           	03A2	0000	85
		_ISR           		CODE           	0518	0000	31
		_main          		CODE           	03F7	0000	84
		_tmr0_config   		CODE           	05E6	0000	13
		_leer_char     		CODE           	05F3	0000	13
		_adc_config    		CODE           	0628	0000	7
		_lcd           		CODE           	00C8	0000	155
		_contador_lcd  		CODE           	0555	0000	28
		_Conversion1   		CODE           	01F2	0000	143
		_Conversion2   		CODE           	0163	0000	143
		_setup         		CODE           	049E	0000	43
		_escribir_char 		CODE           	0616	0000	10
		_USART_config  		CODE           	062F	0000	6
		_adc_conversion1		CODE           	05A2	0000	24

LCD.c estimated size: 914

